C51 COMPILER V9.57.0.0   MAIN                                                              03/09/2018 18:49:01 PAGE 1   


C51 COMPILER V9.57.0.0, COMPILATION OF MODULE MAIN
OBJECT MODULE PLACED IN .\build\main.obj
COMPILER INVOKED BY: C:\Keil_v5\C51\BIN\C51.exe main.c ROM(COMPACT) OPTIMIZE(8,SPEED) TABS(2) OBJECT(.\build\main.obj)

line level    source

*** WARNING C500 IN LINE 1 OF main.c: LICENSE ERROR (R207(2): REGISTRY READ ERROR)

   1          #include <reg52.h>
   2          
   3          #define A1 0xF880
   4          #define B1 0xF955
   5          #define C1 0xFA00
   6          #define D1 0xFAAB
   7          #define E1 0xFB00
   8          #define F1 0xFB80
   9          #define G1 0xFC00
  10          
  11          /*
  12          Inverse order of bits in this way:
  13          abcdefgh - efghabcd - ghefcdab - hgfedcba
  14          */
  15          unsigned char invert(unsigned char b) {        
  16   1        b = ((b >> 4) & 15) | ((b & 15) << 4);
  17   1        b = ((b >> 2) & 51) | ((b & 51) << 2);
  18   1        b = ((b >> 1) & 85) | ((b & 85) << 1);
  19   1        return b;
  20   1      }
  21          
  22          unsigned char resValues;
  23          unsigned char tone = 0;
  24          unsigned diff;
  25          
  26          sbit out = P3 ^ 4;
  27          sbit lowTone = P3 ^ 5;
  28          sbit mediumTone = P3 ^ 6;
  29          sbit highTone = P3 ^ 7;
  30          
  31          sbit A = P2 ^ 7;
  32          sbit _B = P2 ^ 6;
  33          sbit C = P2 ^ 5;
  34          sbit D = P2 ^ 4;
  35          sbit E = P2 ^ 3;
  36          sbit F = P2 ^ 2;
  37          sbit G = P2 ^ 1;
  38          sbit toneButton = P2 ^ 0;
  39          
  40          void setup() {
  41   1      //  timer0_initialize();
  42   1        P2 = 0xFF;
  43   1      //  start_count = timer0_count();
  44   1      }
  45          
  46          void delay(unsigned d) {
  47   1        TMOD = 0x01; // 16-bit mode for 1st timer
  48   1        TH0 = d >> 8; // high bits
  49   1        TL0 = d; // low bits
  50   1        TR0 = 1; // enable 1st timer
  51   1        while (TF0 == 0); // Wait for flag
  52   1        TR0 = 0; // disable timer
  53   1        TF0 = 0; // Clean flag
  54   1      }
C51 COMPILER V9.57.0.0   MAIN                                                              03/09/2018 18:49:01 PAGE 2   

  55          
  56          void showTone(char tone) {
  57   1        lowTone = 0;
  58   1        mediumTone = 0;
  59   1        highTone = 0;
  60   1        if (tone == 0)
  61   1          lowTone = 1;
  62   1        else if (tone == 1)
  63   1          mediumTone = 1;
  64   1        else if (tone == 2)
  65   1          highTone = 1;
  66   1      }
  67          
  68          void loop() {
  69   1        resValues = invert(P2); // assign to resValues reversed in numeric order values of photoresistors
  70   1        resValues = ~resValues; // Inverse values of resistors to match 1 -- high, 0 -- low
  71   1        P1 = resValues; // Display active notes on LEDs
  72   1      
  73   1        if (toneButton)
  74   1          tone = (tone + 1) % 3;
  75   1        
  76   1        P3 &= 0xF0;
  77   1        showTone(tone);
  78   1        
  79   1        if ((P2 >> 1) != 0)
  80   1          out = ~out;
  81   1        
  82   1        if (A) {
  83   2          delay(A1);
  84   2        } else if (_B) {
  85   2          delay(B1);
  86   2        } else if (C) {
  87   2          delay(C1);
  88   2        } else if (D) {
  89   2          delay(D1);
  90   2        } else if (E) {
  91   2          delay(E1);
  92   2        } else if (F) {
  93   2          delay(F1);
  94   2        } else if (G) {
  95   2          delay(G1);
  96   2        }
  97   1      }
  98          
  99          /*------------------------------------------------
 100          MAIN C Function
 101          ------------------------------------------------*/
 102          
 103          void main (void) {
 104   1        setup();
 105   1        
 106   1        while (1) 
 107   1          loop();
 108   1      }


MODULE INFORMATION:   STATIC OVERLAYABLE
   CODE SIZE        =    211    ----
   CONSTANT SIZE    =   ----    ----
   XDATA SIZE       =   ----    ----
   PDATA SIZE       =   ----    ----
   DATA SIZE        =      4    ----
C51 COMPILER V9.57.0.0   MAIN                                                              03/09/2018 18:49:01 PAGE 3   

   IDATA SIZE       =   ----    ----
   BIT SIZE         =   ----    ----
END OF MODULE INFORMATION.


C51 COMPILATION COMPLETE.  1 WARNING(S),  0 ERROR(S)
